<html>
<body>
<pre>
<h1>礦ision Build Log</h1>
<h2>Tool Versions:</h2>
IDE-Version: μVision V5.14.0.0
Copyright (C) 2015 ARM Ltd and ARM Germany GmbH. All rights reserved.
License Information: m jw, mjw, LIC=V8512-9LX8U-22CL4-FKY1C-Z9PML-5KGCA
 
Tool Versions:
Toolchain:       MDK-ARM Professional  Version: 5.14.0.0
Toolchain Path:  D:\keil\ARM\ARMCC\Bin
C Compiler:      Armcc.exe V5.05 update 1 (build 106)
Assembler:       Armasm.exe V5.05 update 1 (build 106)
Linker/Locator:  ArmLink.exe V5.05 update 1 (build 106)
Library Manager: ArmAr.exe V5.05 update 1 (build 106)
Hex Converter:   FromElf.exe V5.05 update 1 (build 106)
CPU DLL:         SARMCM3.DLL V5.14.0.0
Dialog DLL:      DARMSTM.DLL V1.65.0.0
Target DLL:      Segger\JL2CM3.dll V2.99.13.0
Dialog DLL:      TARMSTM.DLL V1.64.0.0
 
<h2>Project:</h2>
C:\Users\mjw24\Desktop\四路 ADC+DMA\USER\ADC.uvprojx
Project File Date:  10/10/2020

<h2>Output:</h2>
Build target 'ADC'
compiling main.c...
main.c(24): warning:  #177-D: variable "ttt" was declared but never referenced
        float ttt,ttt1;
main.c(24): warning:  #177-D: variable "ttt1" was declared but never referenced
        float ttt,ttt1;
main.c(83): warning:  #1-D: last line of file ends without a newline
   
main.c: 3 warnings, 0 errors
compiling adc.c...
linking...
Program Size: Code=30228 RO-data=6456 RW-data=76 ZI-data=1860  
FromELF: creating hex file...
"..\OBJ\ADC.axf" - 0 Error(s), 3 Warning(s).

<h2>Collection of Component include folders:</h2>
  C:\Users\mjw24\Desktop\四路 ADC+DMA\USER\RTE
  D:\keil\ARM\PACK\Keil\STM32F1xx_DFP\2.1.0

<h2>Collection of Component Files used:</h2>
</pre>
</body>
</html>
